[assurancelendinggroup.com/index.html]
[backblue.gif]
[fade.gif]
[index.html]
[assurancelendinggroup.com/wp-content/plugins/LayerSlider/static/css/layersliderce52.css]
[assurancelendinggroup.com/index720b.html]
[assurancelendinggroup.com/feed/index.html]
[assurancelendinggroup.com/comments/feed/index.html]
[assurancelendinggroup.com/home/feed/index.html]
[assurancelendinggroup.com/wp-content/plugins/revslider/rs-plugin/css/settings8fe1.css]
[assurancelendinggroup.com/wp-content/plugins/revslider/rs-plugin/css/dynamic-captions8fe1.css]
[assurancelendinggroup.com/wp-content/themes/specular/style5859.css]
[assurancelendinggroup.com/wp-content/themes/specular/css/bootstrap-responsive5859.css]
[assurancelendinggroup.com/wp-content/themes/specular/fancybox/source/jquery.fancybox380e.css]
[assurancelendinggroup.com/wp-content/themes/specular/css/vector-icons5859.css]
[assurancelendinggroup.com/wp-content/themes/specular/css/font-awesome.min5859.css]
[assurancelendinggroup.com/wp-content/themes/specular/css/linecon5859.css]
[assurancelendinggroup.com/wp-content/themes/specular/css/steadysets5859.css]
[assurancelendinggroup.com/wp-content/themes/specular/css/hoverex-all5859.css]
[assurancelendinggroup.com/wp-content/themes/specular/css/idangerous.swiper5859.css]
[assurancelendinggroup.com/wp-content/plugins/js_composer/assets/css/js_composer.mina752.css]
[assurancelendinggroup.com/wp-includes/js/jquery/jqueryb8ff.js]
[assurancelendinggroup.com/wp-includes/js/jquery/jquery-migrate.min330a.js]
[assurancelendinggroup.com/wp-content/plugins/LayerSlider/static/js/layerslider.kreaturamedia.jqueryce52.js]
[assurancelendinggroup.com/wp-content/plugins/LayerSlider/static/js/greensock4a80.js]
[assurancelendinggroup.com/wp-content/plugins/LayerSlider/static/js/layerslider.transitionsce52.js]
[assurancelendinggroup.com/wp-content/plugins/revslider/rs-plugin/js/jquery.themepunch.plugins.min8fe1.js]
[assurancelendinggroup.com/wp-content/plugins/wp-retina-2x/js/picturefill.min5b75.js]
[assurancelendinggroup.com/wp-content/plugins/revslider/rs-plugin/js/jquery.themepunch.revolution.min8fe1.js]
[assurancelendinggroup.com/wp-includes/wlwmanifest.xml]
[assurancelendinggroup.com/wp-json/index.html]
[assurancelendinggroup.com/wp-json/oembed/1.0/embed6302.json]
[assurancelendinggroup.com/wp-json/oembed/1.0/embedb00b]
[assurancelendinggroup.com/wp-content/uploads/2017/10/logoss.png]
[assurancelendinggroup.com/wp-content/uploads/2017/10/9.jpg]
[assurancelendinggroup.com/about-us/index.html]
[assurancelendinggroup.com/faq/index.html]
[assurancelendinggroup.com/how-it-works/index.html]
[assurancelendinggroup.com/wp-content/uploads/2017/10/5155736-happy-family-images.jpg]
[assurancelendinggroup.com/contact-us/index.html]
[assurancelendinggroup.com/online-application/index.html]
[assurancelendinggroup.com/wp-content/uploads/2014/08/loan.jpg]
[assurancelendinggroup.com/wp-content/themes/specular/js/post-like5152.js]
[assurancelendinggroup.com/wp-content/themes/specular/js/bootstrap.min68b3.js]
[assurancelendinggroup.com/wp-content/themes/specular/js/jquery.easing.1.168b3.js]
[assurancelendinggroup.com/wp-content/themes/specular/js/jquery.easing.1.368b3.js]
[assurancelendinggroup.com/wp-content/themes/specular/js/jquery.mobilemenu68b3.js]
[assurancelendinggroup.com/wp-content/themes/specular/js/isotope68b3.js]
[assurancelendinggroup.com/wp-content/themes/specular/js/smoothscroll68b3.js]
[assurancelendinggroup.com/wp-content/themes/specular/js/jquery.flexslider-min68b3.js]
[assurancelendinggroup.com/wp-content/themes/specular/fancybox/source/jquery.fancybox68b3.js]
[assurancelendinggroup.com/wp-content/themes/specular/fancybox/source/helpers/jquery.fancybox-media68b3.js]
[assurancelendinggroup.com/wp-content/themes/specular/js/jquery.carouFredSel-6.1.0-packed68b3.js]
[assurancelendinggroup.com/wp-content/themes/specular/js/jquery.hoverex68b3.js]
[assurancelendinggroup.com/wp-content/themes/specular/js/tooltip68b3.js]
[assurancelendinggroup.com/wp-content/themes/specular/js/jquery.parallax68b3.js]
[assurancelendinggroup.com/wp-content/themes/specular/js/modernizr.custom.6680368b3.js]
[assurancelendinggroup.com/wp-content/themes/specular/js/jquery.appear68b3.js]
[assurancelendinggroup.com/wp-content/themes/specular/js/jquery.easy-pie-chart68b3.js]
[assurancelendinggroup.com/wp-content/themes/specular/js/odometer.min68b3.js]
[assurancelendinggroup.com/wp-content/themes/specular/js/animations68b3.js]
[assurancelendinggroup.com/wp-content/themes/specular/js/main68b3.js]
[assurancelendinggroup.com/wp-includes/js/comment-reply.min5859.js]
[assurancelendinggroup.com/wp-content/themes/specular/js/jquery.placeholder.min68b3.js]
[assurancelendinggroup.com/wp-content/themes/specular/js/jquery.countdown.min68b3.js]
[assurancelendinggroup.com/wp-content/themes/specular/js/waypoints.min68b3.js]
[assurancelendinggroup.com/wp-content/themes/specular/js/idangerous.swiper.min68b3.js]
[assurancelendinggroup.com/wp-content/themes/specular/js/background-check.min68b3.js]
[assurancelendinggroup.com/wp-content/themes/specular/js/jquery.fullPage68b3.js]
[assurancelendinggroup.com/wp-content/themes/specular/js/skrollr.min68b3.js]
[assurancelendinggroup.com/wp-content/themes/specular/js/select2.min68b3.js]
[assurancelendinggroup.com/wp-content/themes/specular/js/jquery.slicknav.min68b3.js]
[assurancelendinggroup.com/wp-content/themes/specular/js/classie68b3.js]
[assurancelendinggroup.com/wp-content/themes/specular/js/jquery.mixitup68b3.js]
[assurancelendinggroup.com/wp-includes/js/imagesloaded.min55a0.js]
[assurancelendinggroup.com/wp-includes/js/masonry.mind617.js]
[assurancelendinggroup.com/wp-content/themes/specular/js/jquery.onepage68b3.js]
[assurancelendinggroup.com/wp-content/themes/specular/js/jquery.infinitescroll.min68b3.js]
[assurancelendinggroup.com/wp-includes/js/wp-embed.min5859.js]
[assurancelendinggroup.com/index.html]
[assurancelendinggroup.com/wp-content/plugins/js_composer/assets/js/dist/js_composer_front.mina752.js]
[assurancelendinggroup.com/xmlrpc.html]
[assurancelendinggroup.com/index720b.html]
[assurancelendinggroup.com/wp-content/plugins/LayerSlider/static/css/blank.gif]
[assurancelendinggroup.com/wp-content/plugins/LayerSlider/static/css/layersliderce52.css]
[assurancelendinggroup.com/wp-content/plugins/revslider/rs-plugin/font/revicons90c6.eot]
[assurancelendinggroup.com/wp-content/plugins/revslider/rs-plugin/font/revicons90c6.woff]
[assurancelendinggroup.com/wp-content/plugins/revslider/rs-plugin/font/revicons90c6.ttf]
[assurancelendinggroup.com/wp-content/plugins/revslider/rs-plugin/font/revicons90c6.svg]
[assurancelendinggroup.com/wp-content/plugins/revslider/rs-plugin/assets/gridtile.png]
[assurancelendinggroup.com/wp-content/plugins/revslider/rs-plugin/assets/gridtile_white.png]
[assurancelendinggroup.com/wp-content/plugins/revslider/rs-plugin/assets/gridtile_3x3.png]
[assurancelendinggroup.com/wp-content/plugins/revslider/rs-plugin/assets/gridtile_3x3_white.png]
[assurancelendinggroup.com/wp-content/plugins/revslider/rs-plugin/assets/shadow1.png]
[assurancelendinggroup.com/wp-content/plugins/revslider/rs-plugin/assets/shadow2.png]
[assurancelendinggroup.com/wp-content/plugins/revslider/rs-plugin/assets/shadow3.png]
[assurancelendinggroup.com/wp-content/plugins/revslider/rs-plugin/images/gradient/g30.png]
[assurancelendinggroup.com/wp-content/plugins/revslider/rs-plugin/images/gradient/g40.png]
[assurancelendinggroup.com/wp-content/plugins/revslider/rs-plugin/assets/boxed_bgtile.png]
[assurancelendinggroup.com/wp-content/plugins/revslider/rs-plugin/assets/navigdots_bgtile.png]
[assurancelendinggroup.com/wp-content/plugins/revslider/rs-plugin/assets/bullet.png]
[assurancelendinggroup.com/wp-content/plugins/revslider/rs-plugin/assets/bullets.png]
[assurancelendinggroup.com/wp-content/plugins/revslider/rs-plugin/assets/bullets2.png]
[assurancelendinggroup.com/wp-content/plugins/revslider/rs-plugin/assets/bullet_boxed.png]
[assurancelendinggroup.com/wp-content/plugins/revslider/rs-plugin/assets/navigdots.png]
[assurancelendinggroup.com/wp-content/plugins/revslider/rs-plugin/assets/large_left.png]
[assurancelendinggroup.com/wp-content/plugins/revslider/rs-plugin/assets/large_right.png]
[assurancelendinggroup.com/wp-content/plugins/revslider/rs-plugin/assets/small_left.png]
[assurancelendinggroup.com/wp-content/plugins/revslider/rs-plugin/assets/small_right.png]
[assurancelendinggroup.com/wp-content/plugins/revslider/rs-plugin/assets/arrow_left.png]
[assurancelendinggroup.com/wp-content/plugins/revslider/rs-plugin/assets/arrow_right.png]
[assurancelendinggroup.com/wp-content/plugins/revslider/rs-plugin/assets/small_left_boxed.png]
[assurancelendinggroup.com/wp-content/plugins/revslider/rs-plugin/assets/small_right_boxed.png]
[assurancelendinggroup.com/wp-content/plugins/revslider/rs-plugin/assets/arrowleft.png]
[assurancelendinggroup.com/wp-content/plugins/revslider/rs-plugin/assets/arrowright.png]
[assurancelendinggroup.com/wp-content/plugins/revslider/rs-plugin/assets/arrow_right2.png]
[assurancelendinggroup.com/wp-content/plugins/revslider/rs-plugin/assets/timer.png]
[assurancelendinggroup.com/wp-content/plugins/revslider/rs-plugin/assets/coloredbg.png]
[assurancelendinggroup.com/wp-content/plugins/revslider/rs-plugin/css/settings8fe1.css]
[assurancelendinggroup.com/wp-content/plugins/revslider/rs-plugin/assets/loader.gif]
[assurancelendinggroup.com/wp-content/plugins/revslider/rs-plugin/css/dynamic-captions8fe1.css]
[assurancelendinggroup.com/wp-content/themes/specular/css/bootstrap.css]
[assurancelendinggroup.com/wp-content/themes/specular/css/flexslider.css]
[assurancelendinggroup.com/wp-content/themes/specular/css/shortcodes.css]
[assurancelendinggroup.com/wp-content/themes/specular/css/animate.min.css]
[assurancelendinggroup.com/wp-content/themes/specular/img/icon_top.png]
[assurancelendinggroup.com/wp-content/themes/specular/img/phone.png]
[assurancelendinggroup.com/wp-content/themes/specular/img/envelope.png]
[assurancelendinggroup.com/wp-content/themes/specular/img/shadow1.png]
[assurancelendinggroup.com/wp-content/themes/specular/img/cross.png]
[assurancelendinggroup.com/wp-content/themes/specular/desaturate.svg]
[assurancelendinggroup.com/wp-content/themes/specular/img/headborder.png]
[assurancelendinggroup.com/wp-content/themes/specular/img/layer-next_hover.79.delayed]
[assurancelendinggroup.com/wp-content/themes/specular/css/desaturate.svg]
[assurancelendinggroup.com/wp-content/themes/specular/img/slider_left_carou.png]
[assurancelendinggroup.com/wp-content/themes/specular/img/slider_right_carou.png]
[assurancelendinggroup.com/wp-content/themes/specular/img/chrome.png]
[assurancelendinggroup.com/wp-content/themes/specular/img/plus.png]
[assurancelendinggroup.com/wp-content/themes/specular/img/minus.png]
[assurancelendinggroup.com/wp-content/themes/specular/img/testimonials_arrow.png]
[assurancelendinggroup.com/wp-content/themes/specular/img/black_x.png]
[assurancelendinggroup.com/wp-content/themes/specular/img/white_x.png]
[assurancelendinggroup.com/wp-content/themes/specular/style5859.css]
[assurancelendinggroup.com/wp-content/themes/specular/css/bootstrap-responsive5859.css]
[assurancelendinggroup.com/wp-content/themes/specular/fancybox/source/fancybox_sprite.png]
[assurancelendinggroup.com/wp-content/themes/specular/fancybox/source/fancybox_loading.gif]
[assurancelendinggroup.com/wp-content/themes/specular/fancybox/source/blank.gif]
[assurancelendinggroup.com/wp-content/themes/specular/fancybox/source/jquery.fancybox380e.css]
[assurancelendinggroup.com/wp-content/themes/specular/fancybox/source/fancybox_overlay.png]
[assurancelendinggroup.com/wp-content/themes/specular/font/moon.eot]
[assurancelendinggroup.com/wp-content/themes/specular/font/moond41d.eot]
[assurancelendinggroup.com/wp-content/themes/specular/font/moon.woff]
[assurancelendinggroup.com/wp-content/themes/specular/font/moon.ttf]
[assurancelendinggroup.com/wp-content/themes/specular/css/vector-icons5859.css]
[assurancelendinggroup.com/wp-content/themes/specular/font/fontawesome-webfontf77b.eot]
[assurancelendinggroup.com/wp-content/themes/specular/font/fontawesome-webfontd41d.eot]
[assurancelendinggroup.com/wp-content/themes/specular/font/fontawesome-webfont.svg]
[assurancelendinggroup.com/wp-content/themes/specular/font/fontawesome-webfontf77b.woff]
[assurancelendinggroup.com/wp-content/themes/specular/css/font-awesome.min5859.css]
[assurancelendinggroup.com/wp-content/themes/specular/font/fontawesome-webfontf77b.ttf]
[assurancelendinggroup.com/wp-content/themes/specular/font/linecons.eot]
[assurancelendinggroup.com/wp-content/themes/specular/font/lineconsd41d.eot]
[assurancelendinggroup.com/wp-content/themes/specular/font/linecons.ttf]
[assurancelendinggroup.com/wp-content/themes/specular/font/linecons.woff]
[assurancelendinggroup.com/wp-content/themes/specular/css/linecon5859.css]
[assurancelendinggroup.com/wp-content/themes/specular/font/linecons.svg]
[assurancelendinggroup.com/wp-content/themes/specular/font/steadysets.eot]
[assurancelendinggroup.com/wp-content/themes/specular/font/steadysetsd41d.eot]
[assurancelendinggroup.com/wp-content/themes/specular/font/steadysets.ttf]
[assurancelendinggroup.com/wp-content/themes/specular/font/steadysets.woff]
[assurancelendinggroup.com/wp-content/themes/specular/css/steadysets5859.css]
[assurancelendinggroup.com/wp-content/themes/specular/font/steadysets.svg]
[assurancelendinggroup.com/wp-content/themes/specular/css/nav.png]
[assurancelendinggroup.com/wp-content/themes/specular/css/hoverex-all5859.css]
[assurancelendinggroup.com/wp-content/themes/specular/css/jquery.easy-pie-chart5859.css]
[assurancelendinggroup.com/wp-content/themes/specular/css/idangerous.swiper5859.css]
[assurancelendinggroup.com/wp-content/plugins/js_composer/assets/vc/alert.png]
[assurancelendinggroup.com/wp-content/plugins/js_composer/assets/vc/info.png]
[assurancelendinggroup.com/wp-content/plugins/js_composer/assets/vc/tick.png]
[assurancelendinggroup.com/wp-content/plugins/js_composer/assets/vc/exclamation.png]
[assurancelendinggroup.com/wp-content/plugins/js_composer/assets/images/icons/address-book.png]
[assurancelendinggroup.com/wp-content/plugins/js_composer/assets/images/icons/alarm-clock.png]
[assurancelendinggroup.com/wp-content/plugins/js_composer/assets/images/icons/anchor.png]
[assurancelendinggroup.com/wp-content/plugins/js_composer/assets/images/icons/application-image.png]
[assurancelendinggroup.com/wp-content/plugins/js_composer/assets/images/icons/arrow.png]
[assurancelendinggroup.com/wp-content/plugins/js_composer/assets/images/icons/asterisk.png]
[assurancelendinggroup.com/wp-content/plugins/js_composer/assets/images/icons/auction-hammer.png]
[assurancelendinggroup.com/wp-content/plugins/js_composer/assets/images/icons/balloon.png]
[assurancelendinggroup.com/wp-content/plugins/js_composer/assets/images/icons/balloon-buzz.png]
[assurancelendinggroup.com/wp-content/plugins/js_composer/assets/images/icons/balloon-facebook.png]
[assurancelendinggroup.com/wp-content/plugins/js_composer/assets/images/icons/balloon-twitter.png]
[assurancelendinggroup.com/wp-content/plugins/js_composer/assets/images/icons/battery-full.png]
[assurancelendinggroup.com/wp-content/plugins/js_composer/assets/images/icons/binocular.png]
[assurancelendinggroup.com/wp-content/plugins/js_composer/assets/images/icons/blue-document-excel.png]
[assurancelendinggroup.com/wp-content/plugins/js_composer/assets/images/icons/blue-document-image.png]
[assurancelendinggroup.com/wp-content/plugins/js_composer/assets/images/icons/blue-document-music.png]
[assurancelendinggroup.com/wp-content/plugins/js_composer/assets/images/icons/blue-document-office.png]
[assurancelendinggroup.com/wp-content/plugins/js_composer/assets/images/icons/blue-document-pdf.png]
[assurancelendinggroup.com/wp-content/plugins/js_composer/assets/images/icons/blue-document-powerpoint.png]
[assurancelendinggroup.com/wp-content/plugins/js_composer/assets/images/icons/blue-document-word.png]
[assurancelendinggroup.com/wp-content/plugins/js_composer/assets/images/icons/bookmark.png]
[assurancelendinggroup.com/wp-content/plugins/js_composer/assets/images/icons/camcorder.png]
[assurancelendinggroup.com/wp-content/plugins/js_composer/assets/images/icons/camera.png]
[assurancelendinggroup.com/wp-content/plugins/js_composer/assets/images/icons/chart.png]
[assurancelendinggroup.com/wp-content/plugins/js_composer/assets/images/icons/chart-pie.png]
[assurancelendinggroup.com/wp-content/plugins/js_composer/assets/images/icons/clock.png]
[assurancelendinggroup.com/wp-content/plugins/js_composer/assets/images/icons/control.png]
[assurancelendinggroup.com/wp-content/plugins/js_composer/assets/images/icons/fire.png]
[assurancelendinggroup.com/wp-content/plugins/js_composer/assets/images/icons/heart.png]
[assurancelendinggroup.com/wp-content/plugins/js_composer/assets/images/icons/plus-shield.png]
[assurancelendinggroup.com/wp-content/plugins/js_composer/assets/images/icons/video.png]
[assurancelendinggroup.com/wp-content/plugins/js_composer/assets/images/toggle_open.png]
[assurancelendinggroup.com/wp-content/plugins/js_composer/assets/images/toggle_close.png]
[assurancelendinggroup.com/wp-content/plugins/js_composer/assets/images/flickr.png]
[assurancelendinggroup.com/wp-content/plugins/js_composer/assets/fonts/vc_grid/vc_grid_v157a1.eot]
[assurancelendinggroup.com/wp-content/plugins/js_composer/assets/fonts/vc_grid/vc_grid_v1d41d.eot]
[assurancelendinggroup.com/wp-content/plugins/js_composer/assets/fonts/vc_grid/vc_grid_v157a1.woff]
[assurancelendinggroup.com/wp-content/plugins/js_composer/assets/fonts/vc_grid/vc_grid_v157a1.ttf]
[assurancelendinggroup.com/wp-content/plugins/js_composer/assets/css/js_composer.mina752.css]
[assurancelendinggroup.com/xmlrpc0db0.html]
[assurancelendinggroup.com/wp-content/plugins/js_composer/assets/fonts/vc_grid/vc_grid_v157a1.svg]
[assurancelendinggroup.com/about-us/feed/index.html]
[assurancelendinggroup.com/wp-json/oembed/1.0/embeddcd9.json]
[assurancelendinggroup.com/about-us/index.html]
[assurancelendinggroup.com/wp-json/oembed/1.0/embeda778]
[assurancelendinggroup.com/wp-json/oembed/1.0/embedbb30.json]
[assurancelendinggroup.com/wp-json/oembed/1.0/embed12b0]
[assurancelendinggroup.com/how-it-works/index.html]
[assurancelendinggroup.com/wp-json/oembed/1.0/embed31ba.json]
[assurancelendinggroup.com/faq/feed/index.html]
[assurancelendinggroup.com/wp-json/oembed/1.0/embed3a79]
[assurancelendinggroup.com/wp-includes/js/jquery/ui/core.mine899.js]
[assurancelendinggroup.com/wp-includes/js/jquery/ui/widget.mine899.js]
[assurancelendinggroup.com/wp-includes/js/jquery/ui/accordion.mine899.js]
[assurancelendinggroup.com/faq/index.html]
[assurancelendinggroup.com/wp-content/plugins/gravityforms/css/formreset10f0.css]
[assurancelendinggroup.com/wp-content/plugins/gravityforms/css/formsmain10f0.css]
[assurancelendinggroup.com/wp-content/plugins/gravityforms/css/readyclass10f0.css]
[assurancelendinggroup.com/wp-content/plugins/gravityforms/css/browsers10f0.css]
[assurancelendinggroup.com/wp-content/plugins/gravityforms/js/jquery.json-1.310f0.js]
[assurancelendinggroup.com/wp-content/plugins/gravityforms/js/jquery.placeholders.2.1.1.min10f0.js]
[assurancelendinggroup.com/wp-content/plugins/gravityforms/js/gravityforms10f0.js]
[assurancelendinggroup.com/wp-json/oembed/1.0/embed3ad2.json]
[assurancelendinggroup.com/online-application/index.html]
[assurancelendinggroup.com/wp-json/oembed/1.0/embed89eb]
[assurancelendinggroup.com/wp-json/oembed/1.0/embedb40f.json]
[assurancelendinggroup.com/contact-us/feed/index.html]
[assurancelendinggroup.com/contact-us/index.html]
[assurancelendinggroup.com/wp-content/plugins/revslider/rs-plugin/font/revicons90c6.svg]
[assurancelendinggroup.com/wp-json/oembed/1.0/embed9834]
[assurancelendinggroup.com/wp-content/plugins/revslider/rs-plugin/assets/arrow_left2.png]
[assurancelendinggroup.com/wp-content/themes/specular/img/glyphicons-halflings-white.png]
[assurancelendinggroup.com/wp-content/themes/specular/css/bootstrap.css]
[assurancelendinggroup.com/wp-content/themes/specular/img/right.png]
[assurancelendinggroup.com/wp-content/themes/specular/css/flexslider.css]
[assurancelendinggroup.com/wp-content/themes/specular/img/left.png]
[assurancelendinggroup.com/wp-content/themes/specular/img/bbm.png]
[assurancelendinggroup.com/wp-content/themes/specular/css/shortcodes.css]
[assurancelendinggroup.com/wp-content/themes/specular/css/animate.min.css]
[assurancelendinggroup.com/wp-content/themes/specular/desaturate.html]
[assurancelendinggroup.com/wp-content/themes/specular/img/headborder.html]
[assurancelendinggroup.com/wp-content/themes/specular/img/layer-next_hover.html]
[assurancelendinggroup.com/wp-content/themes/specular/css/desaturate.svg]
[assurancelendinggroup.com/wp-content/themes/specular/font/moon.svg]
[assurancelendinggroup.com/wp-content/themes/specular/font/fontawesome-webfont.svg]
[assurancelendinggroup.com/wp-content/themes/specular/font/linecons.svg]
[assurancelendinggroup.com/wp-content/themes/specular/font/steadysets.svg]
[assurancelendinggroup.com/wp-content/themes/specular/css/nav.html]
[assurancelendinggroup.com/wp-content/plugins/js_composer/assets/fonts/vc_grid/vc_grid_v157a1.svg]
[assurancelendinggroup.com/index2025.html]
[assurancelendinggroup.com/indexbb97.html]
[assurancelendinggroup.com/indexd0d3.html]
[assurancelendinggroup.com/wp-content/plugins/gravityforms/css/formreset10f0.css]
[assurancelendinggroup.com/wp-content/plugins/js_composer/assets/images/icons/mail.png]
[assurancelendinggroup.com/wp-content/plugins/gravityforms/images/stopbanner.png]
[assurancelendinggroup.com/wp-content/themes/specular/img/layer-prev_hover.png]
[assurancelendinggroup.com/wp-content/plugins/gravityforms/images/gf-percentbar-bg.png]
[assurancelendinggroup.com/wp-content/plugins/gravityforms/images/gf-percentbar-blue.png]
[assurancelendinggroup.com/wp-content/plugins/gravityforms/images/gf-percentbar-gray.png]
[assurancelendinggroup.com/wp-content/plugins/gravityforms/images/gf-percentbar-green.png]
[assurancelendinggroup.com/wp-content/plugins/gravityforms/images/gf-percentbar-orange.png]
[assurancelendinggroup.com/wp-content/plugins/gravityforms/images/gf-percentbar-red.png]
[assurancelendinggroup.com/wp-content/plugins/gravityforms/images/gf-percentbar-custom.png]
[assurancelendinggroup.com/wp-content/plugins/gravityforms/images/chosen-sprite.png]
[assurancelendinggroup.com/wp-content/plugins/gravityforms/css/formsmain10f0.css]
[assurancelendinggroup.com/wp-content/plugins/gravityforms/images/gf-creditcard-icons.png]
[assurancelendinggroup.com/wp-content/plugins/gravityforms/css/readyclass10f0.css]
[assurancelendinggroup.com/wp-content/plugins/gravityforms/css/browsers10f0.css]
[assurancelendinggroup.com/index7eba.html]
[assurancelendinggroup.com/index1c7e.html]
[assurancelendinggroup.com/wp-content/themes/specular/img/glyphicons-halflings-white.html]
[assurancelendinggroup.com/wp-content/themes/specular/img/layer-prev_hover.png]
